// Jest Snapshot v1, https://goo.gl/fbAQLP

exports[`CustomOverlay matches snapshot 1`] = `ShallowWrapper {}`;
